// Jest Snapshot v1, https://goo.gl/fbAQLP

exports[`Pruebas en RealExampleRef Debe mostrarse correctamente 1`] = `
<div>
  <h1>
    Real example ref
  </h1>
  <hr />
  <button
    className="btn btn-primary"
    onClick={[Function]}
  >
    Show/hide
  </button>
</div>
`;
