// Jest Snapshot v1, https://goo.gl/fbAQLP

exports[`Test to Login Screen Match con el snap 1`] = `
<div>
  <h1>
    LoginScreen
  </h1>
  <hr />
  <button
    className="btn btn-primary"
    onClick={[Function]}
  >
    Agregar datos
  </button>
</div>
`;
