// Jest Snapshot v1, https://goo.gl/fbAQLP

exports[`Tests to <HookApp/> match 1`] = `
<div>
  <h1>
    Hola mundo
  </h1>
</div>
`;
