// Jest Snapshot v1, https://goo.gl/fbAQLP

exports[`Pruebas a Todo List Item debe mostrarse correctamente 1`] = `
<li
  className="list-group-item"
  key="1"
>
  <p
    className="false"
    onClick={[Function]}
  >
    2
    . 
    Aprender react
  </p>
  <button
    className="btn btn-danger"
    onClick={[Function]}
  >
    Borrar
  </button>
</li>
`;
